Mas Budi@LaptopeMasBudi MINGW32 /d/githubku
$ git init
Initialized empty Git repository in D:/githubku/.git/

Mas Budi@LaptopeMasBudi MINGW32 /d/githubku (master)
$ git status
On branch master

Initial commit

Untracked files:
  (use "git add <file>..." to include in what will be committed)

        teks.txt

nothing added to commit but untracked files present (use "git add" to track)

Mas Budi@LaptopeMasBudi MINGW32 /d/githubku (master)
$ git add .

Mas Budi@LaptopeMasBudi MINGW32 /d/githubku (master)
$ git status
On branch master

Initial commit

Changes to be committed:
  (use "git rm --cached <file>..." to unstage)

        new file:   teks.txt


Mas Budi@LaptopeMasBudi MINGW32 /d/githubku (master)
$ git commit -m "commit pertama"
[master (root-commit) b995572] commit pertama
 1 file changed, 1 insertion(+)
 create mode 100644 teks.txt

Mas Budi@LaptopeMasBudi MINGW32 /d/githubku (master)
$ git checkout -b "cabang"
Switched to a new branch 'cabang'

Mas Budi@LaptopeMasBudi MINGW32 /d/githubku (cabang)
$ git branch
* cabang
  master

Mas Budi@LaptopeMasBudi MINGW32 /d/githubku (cabang)
$ git remote add origin https://github.com/ocsigsampit/githubku.git

Mas Budi@LaptopeMasBudi MINGW32 /d/githubku (master)
$ git pull origin master --allow-unrelated-histories
From https://github.com/ocsigsampit/githubku
 * branch            master     -> FETCH_HEAD
Merge made by the 'recursive' strategy.
 README.md | 2 ++
 1 file changed, 2 insertions(+)
 create mode 100644 README.md

Mas Budi@LaptopeMasBudi MINGW32 /d/githubku (master)
$ git merge origin origin/master
merge: origin - not something we can merge

Mas Budi@LaptopeMasBudi MINGW32 /d/githubku (master)
$ git push -u origin master
Username for 'https://github.com': ocsigsampit
Counting objects: 5, done.
Delta compression using up to 2 threads.
Compressing objects: 100% (3/3), done.
Writing objects: 100% (5/5), 534 bytes | 0 bytes/s, done.
Total 5 (delta 0), reused 0 (delta 0)
To https://github.com/ocsigsampit/githubku.git
   1a9c2fa..bd6cae4  master -> master
Branch master set up to track remote branch master from origin.

Mas Budi@LaptopeMasBudi MINGW32 /d/githubku (master)
$

---untuk mengupload branch "cabang" ketik :
git push -u origin cabang


---untuk meng-update file di repo sesuai data github ketik :
git pull

